// Jest Snapshot v1, https://goo.gl/fbAQLP

exports[`Get all tiles test 1`] = `
Immutable.List [
  Object {
    "action": "",
    "background": false,
    "breakable": false,
    "collectable": 0,
    "createPlayer": "",
    "dontAdd": false,
    "frontLayer": false,
    "id": 2,
    "title": "made up tile",
    "x": 0,
    "y": 0,
  },
  Object {
    "action": "",
    "background": false,
    "breakable": false,
    "collectable": 0,
    "createPlayer": "",
    "dontAdd": false,
    "frontLayer": false,
    "id": 3,
    "title": "made up tile",
    "x": 1,
    "y": 0,
  },
  Object {
    "action": "",
    "background": false,
    "breakable": false,
    "collectable": 0,
    "createPlayer": "",
    "dontAdd": false,
    "frontLayer": false,
    "id": 2,
    "title": "made up tile",
    "x": 2,
    "y": 0,
  },
  Object {
    "action": "",
    "background": false,
    "breakable": false,
    "collectable": 0,
    "createPlayer": "",
    "dontAdd": false,
    "frontLayer": false,
    "id": 3,
    "title": "made up tile",
    "x": 3,
    "y": 0,
  },
  Object {
    "action": "",
    "background": false,
    "breakable": false,
    "collectable": 0,
    "createPlayer": "",
    "dontAdd": false,
    "frontLayer": false,
    "id": 2,
    "title": "made up tile",
    "x": 4,
    "y": 0,
  },
  Object {
    "action": "",
    "background": false,
    "breakable": false,
    "collectable": 0,
    "createPlayer": "",
    "dontAdd": false,
    "frontLayer": false,
    "id": 3,
    "title": "made up tile",
    "x": 5,
    "y": 0,
  },
  Object {
    "action": "",
    "background": false,
    "breakable": false,
    "collectable": 0,
    "createPlayer": "",
    "dontAdd": false,
    "frontLayer": false,
    "id": 2,
    "title": "made up tile",
    "x": 6,
    "y": 0,
  },
  Object {
    "action": "",
    "background": false,
    "breakable": false,
    "collectable": 0,
    "createPlayer": "",
    "dontAdd": false,
    "frontLayer": false,
    "id": 3,
    "title": "made up tile",
    "x": 7,
    "y": 0,
  },
  Object {
    "action": "",
    "background": false,
    "breakable": false,
    "collectable": 0,
    "createPlayer": "",
    "dontAdd": false,
    "frontLayer": false,
    "id": 2,
    "title": "made up tile",
    "x": 8,
    "y": 0,
  },
  Object {
    "action": "",
    "background": false,
    "breakable": false,
    "collectable": 0,
    "createPlayer": "",
    "dontAdd": false,
    "frontLayer": false,
    "id": 3,
    "title": "made up tile",
    "x": 9,
    "y": 0,
  },
  Object {
    "action": "",
    "background": false,
    "breakable": false,
    "collectable": 0,
    "createPlayer": "",
    "dontAdd": false,
    "frontLayer": false,
    "id": 2,
    "title": "made up tile",
    "x": 10,
    "y": 0,
  },
  Object {
    "action": "",
    "background": false,
    "breakable": false,
    "collectable": 0,
    "createPlayer": "",
    "dontAdd": false,
    "frontLayer": false,
    "id": 3,
    "title": "made up tile",
    "x": 11,
    "y": 0,
  },
  Object {
    "action": "",
    "background": false,
    "breakable": false,
    "collectable": 0,
    "createPlayer": "",
    "dontAdd": false,
    "frontLayer": false,
    "id": 2,
    "title": "made up tile",
    "x": 12,
    "y": 0,
  },
  Object {
    "action": "",
    "background": false,
    "breakable": false,
    "collectable": 0,
    "createPlayer": "",
    "dontAdd": false,
    "frontLayer": false,
    "id": 3,
    "title": "made up tile",
    "x": 13,
    "y": 0,
  },
  Object {
    "action": "",
    "background": false,
    "breakable": false,
    "collectable": 0,
    "createPlayer": "",
    "dontAdd": false,
    "frontLayer": false,
    "id": 1,
    "title": "made up tile",
    "x": 0,
    "y": 1,
  },
  Object {
    "action": "",
    "background": false,
    "breakable": false,
    "collectable": 0,
    "createPlayer": "",
    "dontAdd": false,
    "frontLayer": false,
    "id": 1,
    "title": "made up tile",
    "x": 1,
    "y": 1,
  },
  Object {
    "action": "",
    "background": false,
    "breakable": false,
    "collectable": 0,
    "createPlayer": "",
    "dontAdd": false,
    "frontLayer": false,
    "id": 2,
    "title": "made up tile",
    "x": 2,
    "y": 1,
  },
  Object {
    "action": "",
    "background": false,
    "breakable": false,
    "collectable": 0,
    "createPlayer": "",
    "dontAdd": false,
    "frontLayer": false,
    "id": 1,
    "title": "made up tile",
    "x": 3,
    "y": 1,
  },
  Object {
    "action": "",
    "background": false,
    "breakable": false,
    "collectable": 0,
    "createPlayer": "",
    "dontAdd": false,
    "frontLayer": false,
    "id": 2,
    "title": "made up tile",
    "x": 4,
    "y": 1,
  },
  Object {
    "action": "",
    "background": false,
    "breakable": false,
    "collectable": 0,
    "createPlayer": "",
    "dontAdd": false,
    "frontLayer": false,
    "id": 1,
    "title": "made up tile",
    "x": 5,
    "y": 1,
  },
  Object {
    "action": "",
    "background": false,
    "breakable": false,
    "collectable": 0,
    "createPlayer": "",
    "dontAdd": false,
    "frontLayer": false,
    "id": 2,
    "title": "made up tile",
    "x": 6,
    "y": 1,
  },
  Object {
    "action": "",
    "background": false,
    "breakable": false,
    "collectable": 0,
    "createPlayer": "",
    "dontAdd": false,
    "frontLayer": false,
    "id": 1,
    "title": "made up tile",
    "x": 7,
    "y": 1,
  },
  Object {
    "action": "",
    "background": false,
    "breakable": false,
    "collectable": 0,
    "createPlayer": "",
    "dontAdd": false,
    "frontLayer": false,
    "id": 2,
    "title": "made up tile",
    "x": 8,
    "y": 1,
  },
  Object {
    "action": "",
    "background": false,
    "breakable": false,
    "collectable": 0,
    "createPlayer": "",
    "dontAdd": false,
    "frontLayer": false,
    "id": 1,
    "title": "made up tile",
    "x": 9,
    "y": 1,
  },
  Object {
    "action": "",
    "background": false,
    "breakable": false,
    "collectable": 0,
    "createPlayer": "",
    "dontAdd": false,
    "frontLayer": false,
    "id": 2,
    "title": "made up tile",
    "x": 10,
    "y": 1,
  },
  Object {
    "action": "",
    "background": false,
    "breakable": false,
    "collectable": 0,
    "createPlayer": "",
    "dontAdd": false,
    "frontLayer": false,
    "id": 1,
    "title": "made up tile",
    "x": 11,
    "y": 1,
  },
  Object {
    "action": "",
    "background": false,
    "breakable": false,
    "collectable": 0,
    "createPlayer": "",
    "dontAdd": false,
    "frontLayer": false,
    "id": 2,
    "title": "made up tile",
    "x": 12,
    "y": 1,
  },
  Object {
    "action": "",
    "background": false,
    "breakable": false,
    "collectable": 0,
    "createPlayer": "",
    "dontAdd": false,
    "frontLayer": false,
    "id": 1,
    "title": "made up tile",
    "x": 13,
    "y": 1,
  },
  Object {
    "action": "",
    "background": false,
    "breakable": false,
    "collectable": 0,
    "createPlayer": "",
    "dontAdd": false,
    "frontLayer": false,
    "id": 1,
    "title": "made up tile",
    "x": 0,
    "y": 2,
  },
  Object {
    "action": "",
    "background": false,
    "breakable": false,
    "collectable": 0,
    "createPlayer": "",
    "dontAdd": false,
    "frontLayer": false,
    "id": 1,
    "title": "made up tile",
    "x": 1,
    "y": 2,
  },
  Object {
    "action": "",
    "background": false,
    "breakable": false,
    "collectable": 0,
    "createPlayer": "",
    "dontAdd": false,
    "frontLayer": false,
    "id": 2,
    "title": "made up tile",
    "x": 2,
    "y": 2,
  },
  Object {
    "action": "",
    "background": false,
    "breakable": false,
    "collectable": 0,
    "createPlayer": "",
    "dontAdd": false,
    "frontLayer": false,
    "id": 1,
    "title": "made up tile",
    "x": 3,
    "y": 2,
  },
  Object {
    "action": "",
    "background": false,
    "breakable": false,
    "collectable": 0,
    "createPlayer": "",
    "dontAdd": false,
    "frontLayer": false,
    "id": 2,
    "title": "made up tile",
    "x": 4,
    "y": 2,
  },
  Object {
    "action": "",
    "background": false,
    "breakable": false,
    "collectable": 0,
    "createPlayer": "",
    "dontAdd": false,
    "frontLayer": false,
    "id": 1,
    "title": "made up tile",
    "x": 5,
    "y": 2,
  },
  Object {
    "action": "",
    "background": false,
    "breakable": false,
    "collectable": 0,
    "createPlayer": "",
    "dontAdd": false,
    "frontLayer": false,
    "id": 2,
    "title": "made up tile",
    "x": 6,
    "y": 2,
  },
  Object {
    "action": "",
    "background": false,
    "breakable": false,
    "collectable": 0,
    "createPlayer": "",
    "dontAdd": false,
    "frontLayer": false,
    "id": 1,
    "title": "made up tile",
    "x": 7,
    "y": 2,
  },
  Object {
    "action": "",
    "background": false,
    "breakable": false,
    "collectable": 0,
    "createPlayer": "",
    "dontAdd": false,
    "frontLayer": false,
    "id": 2,
    "title": "made up tile",
    "x": 8,
    "y": 2,
  },
  Object {
    "action": "",
    "background": false,
    "breakable": false,
    "collectable": 0,
    "createPlayer": "",
    "dontAdd": false,
    "frontLayer": false,
    "id": 1,
    "title": "made up tile",
    "x": 9,
    "y": 2,
  },
  Object {
    "action": "",
    "background": false,
    "breakable": false,
    "collectable": 0,
    "createPlayer": "",
    "dontAdd": false,
    "frontLayer": false,
    "id": 2,
    "title": "made up tile",
    "x": 10,
    "y": 2,
  },
  Object {
    "action": "",
    "background": false,
    "breakable": false,
    "collectable": 0,
    "createPlayer": "",
    "dontAdd": false,
    "frontLayer": false,
    "id": 1,
    "title": "made up tile",
    "x": 11,
    "y": 2,
  },
  Object {
    "action": "",
    "background": false,
    "breakable": false,
    "collectable": 0,
    "createPlayer": "",
    "dontAdd": false,
    "frontLayer": false,
    "id": 1,
    "title": "made up tile",
    "x": 12,
    "y": 2,
  },
  Object {
    "action": "",
    "background": false,
    "breakable": false,
    "collectable": 0,
    "createPlayer": "",
    "dontAdd": false,
    "frontLayer": false,
    "id": 1,
    "title": "made up tile",
    "x": 13,
    "y": 2,
  },
]
`;
