// Jest Snapshot v1, https://goo.gl/fbAQLP

exports[`Get all tiles test 1`] = `
Array [
  Object {
    "action": "",
    "background": false,
    "breakable": false,
    "collectable": 0,
    "createPlayer": "",
    "dontAdd": false,
    "frontLayer": false,
    "id": 2,
    "title": "made up tile",
    "x": 0,
    "y": 0,
  },
  Object {
    "action": "",
    "background": false,
    "breakable": false,
    "collectable": 0,
    "createPlayer": "",
    "dontAdd": false,
    "frontLayer": false,
    "id": 3,
    "title": "made up tile",
    "x": 0,
    "y": 1,
  },
  Object {
    "action": "",
    "background": false,
    "breakable": false,
    "collectable": 0,
    "createPlayer": "",
    "dontAdd": false,
    "frontLayer": false,
    "id": 2,
    "title": "made up tile",
    "x": 0,
    "y": 2,
  },
  Object {
    "action": "",
    "background": false,
    "breakable": false,
    "collectable": 0,
    "createPlayer": "",
    "dontAdd": false,
    "frontLayer": false,
    "id": 3,
    "title": "made up tile",
    "x": 0,
    "y": 3,
  },
  Object {
    "action": "",
    "background": false,
    "breakable": false,
    "collectable": 0,
    "createPlayer": "",
    "dontAdd": false,
    "frontLayer": false,
    "id": 2,
    "title": "made up tile",
    "x": 0,
    "y": 4,
  },
  Object {
    "action": "",
    "background": false,
    "breakable": false,
    "collectable": 0,
    "createPlayer": "",
    "dontAdd": false,
    "frontLayer": false,
    "id": 3,
    "title": "made up tile",
    "x": 0,
    "y": 5,
  },
  Object {
    "action": "",
    "background": false,
    "breakable": false,
    "collectable": 0,
    "createPlayer": "",
    "dontAdd": false,
    "frontLayer": false,
    "id": 2,
    "title": "made up tile",
    "x": 0,
    "y": 6,
  },
  Object {
    "action": "",
    "background": false,
    "breakable": false,
    "collectable": 0,
    "createPlayer": "",
    "dontAdd": false,
    "frontLayer": false,
    "id": 3,
    "title": "made up tile",
    "x": 0,
    "y": 7,
  },
  Object {
    "action": "",
    "background": false,
    "breakable": false,
    "collectable": 0,
    "createPlayer": "",
    "dontAdd": false,
    "frontLayer": false,
    "id": 2,
    "title": "made up tile",
    "x": 0,
    "y": 8,
  },
  Object {
    "action": "",
    "background": false,
    "breakable": false,
    "collectable": 0,
    "createPlayer": "",
    "dontAdd": false,
    "frontLayer": false,
    "id": 3,
    "title": "made up tile",
    "x": 0,
    "y": 9,
  },
  Object {
    "action": "",
    "background": false,
    "breakable": false,
    "collectable": 0,
    "createPlayer": "",
    "dontAdd": false,
    "frontLayer": false,
    "id": 2,
    "title": "made up tile",
    "x": 0,
    "y": 10,
  },
  Object {
    "action": "",
    "background": false,
    "breakable": false,
    "collectable": 0,
    "createPlayer": "",
    "dontAdd": false,
    "frontLayer": false,
    "id": 3,
    "title": "made up tile",
    "x": 0,
    "y": 11,
  },
  Object {
    "action": "",
    "background": false,
    "breakable": false,
    "collectable": 0,
    "createPlayer": "",
    "dontAdd": false,
    "frontLayer": false,
    "id": 2,
    "title": "made up tile",
    "x": 0,
    "y": 12,
  },
  Object {
    "action": "",
    "background": false,
    "breakable": false,
    "collectable": 0,
    "createPlayer": "",
    "dontAdd": false,
    "frontLayer": false,
    "id": 3,
    "title": "made up tile",
    "x": 0,
    "y": 13,
  },
  Object {
    "action": "",
    "background": false,
    "breakable": false,
    "collectable": 0,
    "createPlayer": "",
    "dontAdd": false,
    "frontLayer": false,
    "id": 1,
    "title": "made up tile",
    "x": 1,
    "y": 0,
  },
  Object {
    "action": "",
    "background": false,
    "breakable": false,
    "collectable": 0,
    "createPlayer": "",
    "dontAdd": false,
    "frontLayer": false,
    "id": 1,
    "title": "made up tile",
    "x": 1,
    "y": 1,
  },
  Object {
    "action": "",
    "background": false,
    "breakable": false,
    "collectable": 0,
    "createPlayer": "",
    "dontAdd": false,
    "frontLayer": false,
    "id": 2,
    "title": "made up tile",
    "x": 1,
    "y": 2,
  },
  Object {
    "action": "",
    "background": false,
    "breakable": false,
    "collectable": 0,
    "createPlayer": "",
    "dontAdd": false,
    "frontLayer": false,
    "id": 1,
    "title": "made up tile",
    "x": 1,
    "y": 3,
  },
  Object {
    "action": "",
    "background": false,
    "breakable": false,
    "collectable": 0,
    "createPlayer": "",
    "dontAdd": false,
    "frontLayer": false,
    "id": 2,
    "title": "made up tile",
    "x": 1,
    "y": 4,
  },
  Object {
    "action": "",
    "background": false,
    "breakable": false,
    "collectable": 0,
    "createPlayer": "",
    "dontAdd": false,
    "frontLayer": false,
    "id": 1,
    "title": "made up tile",
    "x": 1,
    "y": 5,
  },
  Object {
    "action": "",
    "background": false,
    "breakable": false,
    "collectable": 0,
    "createPlayer": "",
    "dontAdd": false,
    "frontLayer": false,
    "id": 2,
    "title": "made up tile",
    "x": 1,
    "y": 6,
  },
  Object {
    "action": "",
    "background": false,
    "breakable": false,
    "collectable": 0,
    "createPlayer": "",
    "dontAdd": false,
    "frontLayer": false,
    "id": 1,
    "title": "made up tile",
    "x": 1,
    "y": 7,
  },
  Object {
    "action": "",
    "background": false,
    "breakable": false,
    "collectable": 0,
    "createPlayer": "",
    "dontAdd": false,
    "frontLayer": false,
    "id": 2,
    "title": "made up tile",
    "x": 1,
    "y": 8,
  },
  Object {
    "action": "",
    "background": false,
    "breakable": false,
    "collectable": 0,
    "createPlayer": "",
    "dontAdd": false,
    "frontLayer": false,
    "id": 1,
    "title": "made up tile",
    "x": 1,
    "y": 9,
  },
  Object {
    "action": "",
    "background": false,
    "breakable": false,
    "collectable": 0,
    "createPlayer": "",
    "dontAdd": false,
    "frontLayer": false,
    "id": 2,
    "title": "made up tile",
    "x": 1,
    "y": 10,
  },
  Object {
    "action": "",
    "background": false,
    "breakable": false,
    "collectable": 0,
    "createPlayer": "",
    "dontAdd": false,
    "frontLayer": false,
    "id": 1,
    "title": "made up tile",
    "x": 1,
    "y": 11,
  },
  Object {
    "action": "",
    "background": false,
    "breakable": false,
    "collectable": 0,
    "createPlayer": "",
    "dontAdd": false,
    "frontLayer": false,
    "id": 2,
    "title": "made up tile",
    "x": 1,
    "y": 12,
  },
  Object {
    "action": "",
    "background": false,
    "breakable": false,
    "collectable": 0,
    "createPlayer": "",
    "dontAdd": false,
    "frontLayer": false,
    "id": 1,
    "title": "made up tile",
    "x": 1,
    "y": 13,
  },
  Object {
    "action": "",
    "background": false,
    "breakable": false,
    "collectable": 0,
    "createPlayer": "",
    "dontAdd": false,
    "frontLayer": false,
    "id": 1,
    "title": "made up tile",
    "x": 2,
    "y": 0,
  },
  Object {
    "action": "",
    "background": false,
    "breakable": false,
    "collectable": 0,
    "createPlayer": "",
    "dontAdd": false,
    "frontLayer": false,
    "id": 1,
    "title": "made up tile",
    "x": 2,
    "y": 1,
  },
  Object {
    "action": "",
    "background": false,
    "breakable": false,
    "collectable": 0,
    "createPlayer": "",
    "dontAdd": false,
    "frontLayer": false,
    "id": 2,
    "title": "made up tile",
    "x": 2,
    "y": 2,
  },
  Object {
    "action": "",
    "background": false,
    "breakable": false,
    "collectable": 0,
    "createPlayer": "",
    "dontAdd": false,
    "frontLayer": false,
    "id": 1,
    "title": "made up tile",
    "x": 2,
    "y": 3,
  },
  Object {
    "action": "",
    "background": false,
    "breakable": false,
    "collectable": 0,
    "createPlayer": "",
    "dontAdd": false,
    "frontLayer": false,
    "id": 2,
    "title": "made up tile",
    "x": 2,
    "y": 4,
  },
  Object {
    "action": "",
    "background": false,
    "breakable": false,
    "collectable": 0,
    "createPlayer": "",
    "dontAdd": false,
    "frontLayer": false,
    "id": 1,
    "title": "made up tile",
    "x": 2,
    "y": 5,
  },
  Object {
    "action": "",
    "background": false,
    "breakable": false,
    "collectable": 0,
    "createPlayer": "",
    "dontAdd": false,
    "frontLayer": false,
    "id": 2,
    "title": "made up tile",
    "x": 2,
    "y": 6,
  },
  Object {
    "action": "",
    "background": false,
    "breakable": false,
    "collectable": 0,
    "createPlayer": "",
    "dontAdd": false,
    "frontLayer": false,
    "id": 1,
    "title": "made up tile",
    "x": 2,
    "y": 7,
  },
  Object {
    "action": "",
    "background": false,
    "breakable": false,
    "collectable": 0,
    "createPlayer": "",
    "dontAdd": false,
    "frontLayer": false,
    "id": 2,
    "title": "made up tile",
    "x": 2,
    "y": 8,
  },
  Object {
    "action": "",
    "background": false,
    "breakable": false,
    "collectable": 0,
    "createPlayer": "",
    "dontAdd": false,
    "frontLayer": false,
    "id": 1,
    "title": "made up tile",
    "x": 2,
    "y": 9,
  },
  Object {
    "action": "",
    "background": false,
    "breakable": false,
    "collectable": 0,
    "createPlayer": "",
    "dontAdd": false,
    "frontLayer": false,
    "id": 2,
    "title": "made up tile",
    "x": 2,
    "y": 10,
  },
  Object {
    "action": "",
    "background": false,
    "breakable": false,
    "collectable": 0,
    "createPlayer": "",
    "dontAdd": false,
    "frontLayer": false,
    "id": 1,
    "title": "made up tile",
    "x": 2,
    "y": 11,
  },
  Object {
    "action": "",
    "background": false,
    "breakable": false,
    "collectable": 0,
    "createPlayer": "",
    "dontAdd": false,
    "frontLayer": false,
    "id": 1,
    "title": "made up tile",
    "x": 2,
    "y": 12,
  },
  Object {
    "action": "",
    "background": false,
    "breakable": false,
    "collectable": 0,
    "createPlayer": "",
    "dontAdd": false,
    "frontLayer": false,
    "id": 1,
    "title": "made up tile",
    "x": 2,
    "y": 13,
  },
]
`;
