// Jest Snapshot v1, https://goo.gl/fbAQLP

exports[`Get all tiles test 1`] = `
Array [
  Object {
    "background": false,
    "drawnBefore": true,
    "id": 2,
    "img": "fabric.png",
    "needsDraw": true,
    "title": "Fabric",
    "x": "0",
    "y": "0",
  },
  Object {
    "background": true,
    "collectable": 1,
    "drawnBefore": true,
    "frontLayer": true,
    "id": 3,
    "img": "cacti.png",
    "needsDraw": true,
    "title": "Cacti",
    "x": "0",
    "y": "1",
  },
  Object {
    "background": false,
    "drawnBefore": true,
    "id": 2,
    "img": "fabric.png",
    "needsDraw": true,
    "title": "Fabric",
    "x": "0",
    "y": "2",
  },
  Object {
    "background": true,
    "collectable": 1,
    "drawnBefore": true,
    "frontLayer": true,
    "id": 3,
    "img": "cacti.png",
    "needsDraw": true,
    "title": "Cacti",
    "x": "0",
    "y": "3",
  },
  Object {
    "background": false,
    "drawnBefore": true,
    "id": 2,
    "img": "fabric.png",
    "needsDraw": true,
    "title": "Fabric",
    "x": "0",
    "y": "4",
  },
  Object {
    "background": true,
    "collectable": 1,
    "drawnBefore": true,
    "frontLayer": true,
    "id": 3,
    "img": "cacti.png",
    "needsDraw": true,
    "title": "Cacti",
    "x": "0",
    "y": "5",
  },
  Object {
    "background": false,
    "drawnBefore": true,
    "id": 2,
    "img": "fabric.png",
    "needsDraw": true,
    "title": "Fabric",
    "x": "0",
    "y": "6",
  },
  Object {
    "background": true,
    "collectable": 1,
    "drawnBefore": true,
    "frontLayer": true,
    "id": 3,
    "img": "cacti.png",
    "needsDraw": true,
    "title": "Cacti",
    "x": "0",
    "y": "7",
  },
  Object {
    "background": false,
    "drawnBefore": true,
    "id": 2,
    "img": "fabric.png",
    "needsDraw": true,
    "title": "Fabric",
    "x": "0",
    "y": "8",
  },
  Object {
    "background": true,
    "collectable": 1,
    "drawnBefore": true,
    "frontLayer": true,
    "id": 3,
    "img": "cacti.png",
    "needsDraw": true,
    "title": "Cacti",
    "x": "0",
    "y": "9",
  },
  Object {
    "background": false,
    "drawnBefore": true,
    "id": 2,
    "img": "fabric.png",
    "needsDraw": true,
    "title": "Fabric",
    "x": "0",
    "y": "10",
  },
  Object {
    "background": true,
    "collectable": 1,
    "drawnBefore": true,
    "frontLayer": true,
    "id": 3,
    "img": "cacti.png",
    "needsDraw": true,
    "title": "Cacti",
    "x": "0",
    "y": "11",
  },
  Object {
    "background": false,
    "drawnBefore": true,
    "id": 2,
    "img": "fabric.png",
    "needsDraw": true,
    "title": "Fabric",
    "x": "0",
    "y": "12",
  },
  Object {
    "background": true,
    "collectable": 1,
    "drawnBefore": true,
    "frontLayer": true,
    "id": 3,
    "img": "cacti.png",
    "needsDraw": true,
    "title": "Cacti",
    "x": "0",
    "y": "13",
  },
  Object {
    "background": true,
    "drawnBefore": true,
    "id": 1,
    "img": "sky.png",
    "needsDraw": true,
    "title": "Sky",
    "x": "1",
    "y": "0",
  },
  Object {
    "background": true,
    "drawnBefore": true,
    "id": 1,
    "img": "sky.png",
    "needsDraw": true,
    "title": "Sky",
    "x": "1",
    "y": "1",
  },
  Object {
    "background": false,
    "drawnBefore": true,
    "id": 2,
    "img": "fabric.png",
    "needsDraw": true,
    "title": "Fabric",
    "x": "1",
    "y": "2",
  },
  Object {
    "background": true,
    "drawnBefore": true,
    "id": 1,
    "img": "sky.png",
    "needsDraw": true,
    "title": "Sky",
    "x": "1",
    "y": "3",
  },
  Object {
    "background": false,
    "drawnBefore": true,
    "id": 2,
    "img": "fabric.png",
    "needsDraw": true,
    "title": "Fabric",
    "x": "1",
    "y": "4",
  },
  Object {
    "background": true,
    "drawnBefore": true,
    "id": 1,
    "img": "sky.png",
    "needsDraw": true,
    "title": "Sky",
    "x": "1",
    "y": "5",
  },
  Object {
    "background": false,
    "drawnBefore": true,
    "id": 2,
    "img": "fabric.png",
    "needsDraw": true,
    "title": "Fabric",
    "x": "1",
    "y": "6",
  },
  Object {
    "background": true,
    "drawnBefore": true,
    "id": 1,
    "img": "sky.png",
    "needsDraw": true,
    "title": "Sky",
    "x": "1",
    "y": "7",
  },
  Object {
    "background": false,
    "drawnBefore": true,
    "id": 2,
    "img": "fabric.png",
    "needsDraw": true,
    "title": "Fabric",
    "x": "1",
    "y": "8",
  },
  Object {
    "background": true,
    "drawnBefore": true,
    "id": 1,
    "img": "sky.png",
    "needsDraw": true,
    "title": "Sky",
    "x": "1",
    "y": "9",
  },
  Object {
    "background": false,
    "drawnBefore": true,
    "id": 2,
    "img": "fabric.png",
    "needsDraw": true,
    "title": "Fabric",
    "x": "1",
    "y": "10",
  },
  Object {
    "background": true,
    "drawnBefore": true,
    "id": 1,
    "img": "sky.png",
    "needsDraw": true,
    "title": "Sky",
    "x": "1",
    "y": "11",
  },
  Object {
    "background": false,
    "drawnBefore": true,
    "id": 2,
    "img": "fabric.png",
    "needsDraw": true,
    "title": "Fabric",
    "x": "1",
    "y": "12",
  },
  Object {
    "background": true,
    "drawnBefore": true,
    "id": 1,
    "img": "sky.png",
    "needsDraw": true,
    "title": "Sky",
    "x": "1",
    "y": "13",
  },
  Object {
    "background": true,
    "drawnBefore": true,
    "id": 1,
    "img": "sky.png",
    "needsDraw": true,
    "title": "Sky",
    "x": "2",
    "y": "0",
  },
  Object {
    "background": true,
    "drawnBefore": true,
    "id": 1,
    "img": "sky.png",
    "needsDraw": true,
    "title": "Sky",
    "x": "2",
    "y": "1",
  },
  Object {
    "background": false,
    "drawnBefore": true,
    "id": 2,
    "img": "fabric.png",
    "needsDraw": true,
    "title": "Fabric",
    "x": "2",
    "y": "2",
  },
  Object {
    "background": true,
    "drawnBefore": true,
    "id": 1,
    "img": "sky.png",
    "needsDraw": true,
    "title": "Sky",
    "x": "2",
    "y": "3",
  },
  Object {
    "background": false,
    "drawnBefore": true,
    "id": 2,
    "img": "fabric.png",
    "needsDraw": true,
    "title": "Fabric",
    "x": "2",
    "y": "4",
  },
  Object {
    "background": true,
    "drawnBefore": true,
    "id": 1,
    "img": "sky.png",
    "needsDraw": true,
    "title": "Sky",
    "x": "2",
    "y": "5",
  },
  Object {
    "background": false,
    "drawnBefore": true,
    "id": 2,
    "img": "fabric.png",
    "needsDraw": true,
    "title": "Fabric",
    "x": "2",
    "y": "6",
  },
  Object {
    "background": true,
    "drawnBefore": true,
    "id": 1,
    "img": "sky.png",
    "needsDraw": true,
    "title": "Sky",
    "x": "2",
    "y": "7",
  },
  Object {
    "background": false,
    "drawnBefore": true,
    "id": 2,
    "img": "fabric.png",
    "needsDraw": true,
    "title": "Fabric",
    "x": "2",
    "y": "8",
  },
  Object {
    "background": true,
    "drawnBefore": true,
    "id": 1,
    "img": "sky.png",
    "needsDraw": true,
    "title": "Sky",
    "x": "2",
    "y": "9",
  },
  Object {
    "background": false,
    "drawnBefore": true,
    "id": 2,
    "img": "fabric.png",
    "needsDraw": true,
    "title": "Fabric",
    "x": "2",
    "y": "10",
  },
  Object {
    "background": true,
    "drawnBefore": true,
    "id": 1,
    "img": "sky.png",
    "needsDraw": true,
    "title": "Sky",
    "x": "2",
    "y": "11",
  },
  Object {
    "background": true,
    "drawnBefore": true,
    "id": 1,
    "img": "sky.png",
    "needsDraw": true,
    "title": "Sky",
    "x": "2",
    "y": "12",
  },
  Object {
    "background": true,
    "drawnBefore": true,
    "id": 1,
    "img": "sky.png",
    "needsDraw": true,
    "title": "Sky",
    "x": "2",
    "y": "13",
  },
  Object {
    "background": false,
    "drawnBefore": true,
    "id": 2,
    "img": "fabric.png",
    "needsDraw": true,
    "title": "Fabric",
    "x": "3",
    "y": "0",
  },
  Object {
    "background": true,
    "drawnBefore": true,
    "id": 1,
    "img": "sky.png",
    "needsDraw": true,
    "title": "Sky",
    "x": "3",
    "y": "1",
  },
  Object {
    "background": true,
    "drawnBefore": true,
    "id": 1,
    "img": "sky.png",
    "needsDraw": true,
    "title": "Sky",
    "x": "3",
    "y": "2",
  },
  Object {
    "background": true,
    "drawnBefore": true,
    "id": 1,
    "img": "sky.png",
    "needsDraw": true,
    "title": "Sky",
    "x": "3",
    "y": "3",
  },
  Object {
    "background": false,
    "drawnBefore": true,
    "id": 2,
    "img": "fabric.png",
    "needsDraw": true,
    "title": "Fabric",
    "x": "3",
    "y": "4",
  },
  Object {
    "background": true,
    "drawnBefore": true,
    "id": 1,
    "img": "sky.png",
    "needsDraw": true,
    "title": "Sky",
    "x": "3",
    "y": "5",
  },
  Object {
    "background": false,
    "drawnBefore": true,
    "id": 2,
    "img": "fabric.png",
    "needsDraw": true,
    "title": "Fabric",
    "x": "3",
    "y": "6",
  },
  Object {
    "background": true,
    "drawnBefore": true,
    "id": 1,
    "img": "sky.png",
    "needsDraw": true,
    "title": "Sky",
    "x": "3",
    "y": "7",
  },
  Object {
    "background": false,
    "drawnBefore": true,
    "id": 2,
    "img": "fabric.png",
    "needsDraw": true,
    "title": "Fabric",
    "x": "3",
    "y": "8",
  },
  Object {
    "background": true,
    "drawnBefore": true,
    "id": 1,
    "img": "sky.png",
    "needsDraw": true,
    "title": "Sky",
    "x": "3",
    "y": "9",
  },
  Object {
    "background": true,
    "drawnBefore": true,
    "id": 1,
    "img": "sky.png",
    "needsDraw": true,
    "title": "Sky",
    "x": "3",
    "y": "10",
  },
  Object {
    "background": true,
    "drawnBefore": true,
    "id": 1,
    "img": "sky.png",
    "needsDraw": true,
    "title": "Sky",
    "x": "3",
    "y": "11",
  },
  Object {
    "background": false,
    "drawnBefore": true,
    "id": 2,
    "img": "fabric.png",
    "needsDraw": true,
    "title": "Fabric",
    "x": "3",
    "y": "12",
  },
  Object {
    "background": true,
    "drawnBefore": true,
    "id": 1,
    "img": "sky.png",
    "needsDraw": true,
    "title": "Sky",
    "x": "3",
    "y": "13",
  },
  Object {
    "background": false,
    "drawnBefore": true,
    "id": 2,
    "img": "fabric.png",
    "needsDraw": true,
    "title": "Fabric",
    "x": "4",
    "y": "0",
  },
  Object {
    "background": true,
    "drawnBefore": true,
    "id": 1,
    "img": "sky.png",
    "needsDraw": true,
    "title": "Sky",
    "x": "4",
    "y": "1",
  },
  Object {
    "background": false,
    "drawnBefore": true,
    "id": 2,
    "img": "fabric.png",
    "needsDraw": true,
    "title": "Fabric",
    "x": "4",
    "y": "2",
  },
  Object {
    "background": true,
    "drawnBefore": true,
    "id": 1,
    "img": "sky.png",
    "needsDraw": true,
    "title": "Sky",
    "x": "4",
    "y": "3",
  },
  Object {
    "background": true,
    "drawnBefore": true,
    "id": 1,
    "img": "sky.png",
    "needsDraw": true,
    "title": "Sky",
    "x": "4",
    "y": "4",
  },
  Object {
    "background": true,
    "drawnBefore": true,
    "id": 1,
    "img": "sky.png",
    "needsDraw": true,
    "title": "Sky",
    "x": "4",
    "y": "5",
  },
  Object {
    "background": false,
    "drawnBefore": true,
    "id": 2,
    "img": "fabric.png",
    "needsDraw": true,
    "title": "Fabric",
    "x": "4",
    "y": "6",
  },
  Object {
    "background": true,
    "drawnBefore": true,
    "id": 1,
    "img": "sky.png",
    "needsDraw": true,
    "title": "Sky",
    "x": "4",
    "y": "7",
  },
  Object {
    "background": true,
    "drawnBefore": true,
    "id": 1,
    "img": "sky.png",
    "needsDraw": true,
    "title": "Sky",
    "x": "4",
    "y": "8",
  },
  Object {
    "background": true,
    "drawnBefore": true,
    "id": 1,
    "img": "sky.png",
    "needsDraw": true,
    "title": "Sky",
    "x": "4",
    "y": "9",
  },
  Object {
    "background": false,
    "drawnBefore": true,
    "id": 2,
    "img": "fabric.png",
    "needsDraw": true,
    "title": "Fabric",
    "x": "4",
    "y": "10",
  },
  Object {
    "background": true,
    "drawnBefore": true,
    "id": 1,
    "img": "sky.png",
    "needsDraw": true,
    "title": "Sky",
    "x": "4",
    "y": "11",
  },
  Object {
    "background": false,
    "drawnBefore": true,
    "id": 2,
    "img": "fabric.png",
    "needsDraw": true,
    "title": "Fabric",
    "x": "4",
    "y": "12",
  },
  Object {
    "background": true,
    "drawnBefore": true,
    "id": 1,
    "img": "sky.png",
    "needsDraw": true,
    "title": "Sky",
    "x": "4",
    "y": "13",
  },
  Object {
    "background": false,
    "drawnBefore": true,
    "id": 2,
    "img": "fabric.png",
    "needsDraw": true,
    "title": "Fabric",
    "x": "5",
    "y": "0",
  },
  Object {
    "background": true,
    "drawnBefore": true,
    "id": 1,
    "img": "sky.png",
    "needsDraw": true,
    "title": "Sky",
    "x": "5",
    "y": "1",
  },
  Object {
    "background": false,
    "drawnBefore": true,
    "id": 2,
    "img": "fabric.png",
    "needsDraw": true,
    "title": "Fabric",
    "x": "5",
    "y": "2",
  },
  Object {
    "background": true,
    "drawnBefore": true,
    "id": 1,
    "img": "sky.png",
    "needsDraw": true,
    "title": "Sky",
    "x": "5",
    "y": "3",
  },
  Object {
    "background": false,
    "drawnBefore": true,
    "id": 2,
    "img": "fabric.png",
    "needsDraw": true,
    "title": "Fabric",
    "x": "5",
    "y": "4",
  },
  Object {
    "background": true,
    "drawnBefore": true,
    "id": 1,
    "img": "sky.png",
    "needsDraw": true,
    "title": "Sky",
    "x": "5",
    "y": "5",
  },
  Object {
    "background": true,
    "drawnBefore": true,
    "id": 1,
    "img": "sky.png",
    "needsDraw": true,
    "title": "Sky",
    "x": "5",
    "y": "6",
  },
  Object {
    "background": true,
    "drawnBefore": true,
    "id": 1,
    "img": "sky.png",
    "needsDraw": true,
    "title": "Sky",
    "x": "5",
    "y": "7",
  },
  Object {
    "background": false,
    "drawnBefore": true,
    "id": 2,
    "img": "fabric.png",
    "needsDraw": true,
    "title": "Fabric",
    "x": "5",
    "y": "8",
  },
  Object {
    "background": true,
    "drawnBefore": true,
    "id": 1,
    "img": "sky.png",
    "needsDraw": true,
    "title": "Sky",
    "x": "5",
    "y": "9",
  },
  Object {
    "background": false,
    "drawnBefore": true,
    "id": 2,
    "img": "fabric.png",
    "needsDraw": true,
    "title": "Fabric",
    "x": "5",
    "y": "10",
  },
  Object {
    "background": true,
    "drawnBefore": true,
    "id": 1,
    "img": "sky.png",
    "needsDraw": true,
    "title": "Sky",
    "x": "5",
    "y": "11",
  },
  Object {
    "background": false,
    "drawnBefore": true,
    "id": 2,
    "img": "fabric.png",
    "needsDraw": true,
    "title": "Fabric",
    "x": "5",
    "y": "12",
  },
  Object {
    "background": true,
    "drawnBefore": true,
    "id": 1,
    "img": "sky.png",
    "needsDraw": true,
    "title": "Sky",
    "x": "5",
    "y": "13",
  },
  Object {
    "background": false,
    "drawnBefore": true,
    "id": 2,
    "img": "fabric.png",
    "needsDraw": true,
    "title": "Fabric",
    "x": "6",
    "y": "0",
  },
  Object {
    "background": true,
    "drawnBefore": true,
    "id": 1,
    "img": "sky.png",
    "needsDraw": true,
    "title": "Sky",
    "x": "6",
    "y": "1",
  },
  Object {
    "background": false,
    "drawnBefore": true,
    "id": 2,
    "img": "fabric.png",
    "needsDraw": true,
    "title": "Fabric",
    "x": "6",
    "y": "2",
  },
  Object {
    "background": true,
    "drawnBefore": true,
    "id": 1,
    "img": "sky.png",
    "needsDraw": true,
    "title": "Sky",
    "x": "6",
    "y": "3",
  },
  Object {
    "background": false,
    "drawnBefore": true,
    "id": 2,
    "img": "fabric.png",
    "needsDraw": true,
    "title": "Fabric",
    "x": "6",
    "y": "4",
  },
  Object {
    "action": "completeLevel",
    "background": true,
    "createPlayer": "egg",
    "drawnBefore": true,
    "frontLayer": true,
    "id": 12,
    "img": "egg-cup.png",
    "needsDraw": true,
    "title": "Egg Cup",
    "x": "6",
    "y": "5",
  },
  Object {
    "background": false,
    "drawnBefore": true,
    "id": 2,
    "img": "fabric.png",
    "needsDraw": true,
    "title": "Fabric",
    "x": "6",
    "y": "6",
  },
  Object {
    "background": true,
    "drawnBefore": true,
    "id": 1,
    "img": "sky.png",
    "needsDraw": true,
    "title": "Sky",
    "x": "6",
    "y": "7",
  },
  Object {
    "background": false,
    "drawnBefore": true,
    "id": 2,
    "img": "fabric.png",
    "needsDraw": true,
    "title": "Fabric",
    "x": "6",
    "y": "8",
  },
  Object {
    "background": true,
    "drawnBefore": true,
    "id": 1,
    "img": "sky.png",
    "needsDraw": true,
    "title": "Sky",
    "x": "6",
    "y": "9",
  },
  Object {
    "background": false,
    "drawnBefore": true,
    "id": 2,
    "img": "fabric.png",
    "needsDraw": true,
    "title": "Fabric",
    "x": "6",
    "y": "10",
  },
  Object {
    "background": true,
    "drawnBefore": true,
    "id": 1,
    "img": "sky.png",
    "needsDraw": true,
    "title": "Sky",
    "x": "6",
    "y": "11",
  },
  Object {
    "background": false,
    "drawnBefore": true,
    "id": 2,
    "img": "fabric.png",
    "needsDraw": true,
    "title": "Fabric",
    "x": "6",
    "y": "12",
  },
  Object {
    "background": true,
    "drawnBefore": true,
    "id": 1,
    "img": "sky.png",
    "needsDraw": true,
    "title": "Sky",
    "x": "6",
    "y": "13",
  },
  Object {
    "background": false,
    "drawnBefore": true,
    "id": 2,
    "img": "fabric.png",
    "needsDraw": true,
    "title": "Fabric",
    "x": "7",
    "y": "0",
  },
  Object {
    "background": true,
    "drawnBefore": true,
    "id": 1,
    "img": "sky.png",
    "needsDraw": true,
    "title": "Sky",
    "x": "7",
    "y": "1",
  },
  Object {
    "background": false,
    "drawnBefore": true,
    "id": 2,
    "img": "fabric.png",
    "needsDraw": true,
    "title": "Fabric",
    "x": "7",
    "y": "2",
  },
  Object {
    "background": true,
    "drawnBefore": true,
    "id": 1,
    "img": "sky.png",
    "needsDraw": true,
    "title": "Sky",
    "x": "7",
    "y": "3",
  },
  Object {
    "background": false,
    "drawnBefore": true,
    "id": 2,
    "img": "fabric.png",
    "needsDraw": true,
    "title": "Fabric",
    "x": "7",
    "y": "4",
  },
  Object {
    "action": "completeLevel",
    "background": true,
    "createPlayer": "egg",
    "drawnBefore": true,
    "frontLayer": true,
    "id": 12,
    "img": "egg-cup.png",
    "needsDraw": true,
    "title": "Egg Cup",
    "x": "7",
    "y": "5",
  },
  Object {
    "background": false,
    "drawnBefore": true,
    "id": 2,
    "img": "fabric.png",
    "needsDraw": true,
    "title": "Fabric",
    "x": "7",
    "y": "6",
  },
  Object {
    "background": true,
    "drawnBefore": true,
    "id": 1,
    "img": "sky.png",
    "needsDraw": true,
    "title": "Sky",
    "x": "7",
    "y": "7",
  },
  Object {
    "background": false,
    "drawnBefore": true,
    "id": 2,
    "img": "fabric.png",
    "needsDraw": true,
    "title": "Fabric",
    "x": "7",
    "y": "8",
  },
  Object {
    "background": true,
    "drawnBefore": true,
    "id": 1,
    "img": "sky.png",
    "needsDraw": true,
    "title": "Sky",
    "x": "7",
    "y": "9",
  },
  Object {
    "background": false,
    "drawnBefore": true,
    "id": 2,
    "img": "fabric.png",
    "needsDraw": true,
    "title": "Fabric",
    "x": "7",
    "y": "10",
  },
  Object {
    "background": true,
    "drawnBefore": true,
    "id": 1,
    "img": "sky.png",
    "needsDraw": true,
    "title": "Sky",
    "x": "7",
    "y": "11",
  },
  Object {
    "background": false,
    "drawnBefore": true,
    "id": 2,
    "img": "fabric.png",
    "needsDraw": true,
    "title": "Fabric",
    "x": "7",
    "y": "12",
  },
  Object {
    "background": true,
    "drawnBefore": true,
    "id": 1,
    "img": "sky.png",
    "needsDraw": true,
    "title": "Sky",
    "x": "7",
    "y": "13",
  },
  Object {
    "background": false,
    "drawnBefore": true,
    "id": 2,
    "img": "fabric.png",
    "needsDraw": true,
    "title": "Fabric",
    "x": "8",
    "y": "0",
  },
  Object {
    "background": true,
    "drawnBefore": true,
    "id": 1,
    "img": "sky.png",
    "needsDraw": true,
    "title": "Sky",
    "x": "8",
    "y": "1",
  },
  Object {
    "background": false,
    "drawnBefore": true,
    "id": 2,
    "img": "fabric.png",
    "needsDraw": true,
    "title": "Fabric",
    "x": "8",
    "y": "2",
  },
  Object {
    "background": true,
    "drawnBefore": true,
    "id": 1,
    "img": "sky.png",
    "needsDraw": true,
    "title": "Sky",
    "x": "8",
    "y": "3",
  },
  Object {
    "background": false,
    "drawnBefore": true,
    "id": 2,
    "img": "fabric.png",
    "needsDraw": true,
    "title": "Fabric",
    "x": "8",
    "y": "4",
  },
  Object {
    "background": true,
    "drawnBefore": true,
    "id": 1,
    "img": "sky.png",
    "needsDraw": true,
    "title": "Sky",
    "x": "8",
    "y": "5",
  },
  Object {
    "background": true,
    "drawnBefore": true,
    "id": 1,
    "img": "sky.png",
    "needsDraw": true,
    "title": "Sky",
    "x": "8",
    "y": "6",
  },
  Object {
    "background": true,
    "drawnBefore": true,
    "id": 1,
    "img": "sky.png",
    "needsDraw": true,
    "title": "Sky",
    "x": "8",
    "y": "7",
  },
  Object {
    "background": false,
    "drawnBefore": true,
    "id": 2,
    "img": "fabric.png",
    "needsDraw": true,
    "title": "Fabric",
    "x": "8",
    "y": "8",
  },
  Object {
    "background": true,
    "drawnBefore": true,
    "id": 1,
    "img": "sky.png",
    "needsDraw": true,
    "title": "Sky",
    "x": "8",
    "y": "9",
  },
  Object {
    "background": false,
    "drawnBefore": true,
    "id": 2,
    "img": "fabric.png",
    "needsDraw": true,
    "title": "Fabric",
    "x": "8",
    "y": "10",
  },
  Object {
    "background": true,
    "drawnBefore": true,
    "id": 1,
    "img": "sky.png",
    "needsDraw": true,
    "title": "Sky",
    "x": "8",
    "y": "11",
  },
  Object {
    "background": false,
    "drawnBefore": true,
    "id": 2,
    "img": "fabric.png",
    "needsDraw": true,
    "title": "Fabric",
    "x": "8",
    "y": "12",
  },
  Object {
    "background": true,
    "drawnBefore": true,
    "id": 1,
    "img": "sky.png",
    "needsDraw": true,
    "title": "Sky",
    "x": "8",
    "y": "13",
  },
  Object {
    "background": false,
    "drawnBefore": true,
    "id": 2,
    "img": "fabric.png",
    "needsDraw": true,
    "title": "Fabric",
    "x": "9",
    "y": "0",
  },
  Object {
    "background": true,
    "drawnBefore": true,
    "id": 1,
    "img": "sky.png",
    "needsDraw": true,
    "title": "Sky",
    "x": "9",
    "y": "1",
  },
  Object {
    "background": false,
    "drawnBefore": true,
    "id": 2,
    "img": "fabric.png",
    "needsDraw": true,
    "title": "Fabric",
    "x": "9",
    "y": "2",
  },
  Object {
    "background": true,
    "drawnBefore": true,
    "id": 1,
    "img": "sky.png",
    "needsDraw": true,
    "title": "Sky",
    "x": "9",
    "y": "3",
  },
  Object {
    "background": true,
    "drawnBefore": true,
    "id": 1,
    "img": "sky.png",
    "needsDraw": true,
    "title": "Sky",
    "x": "9",
    "y": "4",
  },
  Object {
    "background": true,
    "drawnBefore": true,
    "id": 1,
    "img": "sky.png",
    "needsDraw": true,
    "title": "Sky",
    "x": "9",
    "y": "5",
  },
  Object {
    "background": false,
    "drawnBefore": true,
    "id": 2,
    "img": "fabric.png",
    "needsDraw": true,
    "title": "Fabric",
    "x": "9",
    "y": "6",
  },
  Object {
    "background": true,
    "drawnBefore": true,
    "id": 1,
    "img": "sky.png",
    "needsDraw": true,
    "title": "Sky",
    "x": "9",
    "y": "7",
  },
  Object {
    "background": true,
    "drawnBefore": true,
    "id": 1,
    "img": "sky.png",
    "needsDraw": true,
    "title": "Sky",
    "x": "9",
    "y": "8",
  },
  Object {
    "background": true,
    "drawnBefore": true,
    "id": 1,
    "img": "sky.png",
    "needsDraw": true,
    "title": "Sky",
    "x": "9",
    "y": "9",
  },
  Object {
    "background": false,
    "drawnBefore": true,
    "id": 2,
    "img": "fabric.png",
    "needsDraw": true,
    "title": "Fabric",
    "x": "9",
    "y": "10",
  },
  Object {
    "background": true,
    "drawnBefore": true,
    "id": 1,
    "img": "sky.png",
    "needsDraw": true,
    "title": "Sky",
    "x": "9",
    "y": "11",
  },
  Object {
    "background": false,
    "drawnBefore": true,
    "id": 2,
    "img": "fabric.png",
    "needsDraw": true,
    "title": "Fabric",
    "x": "9",
    "y": "12",
  },
  Object {
    "background": true,
    "drawnBefore": true,
    "id": 1,
    "img": "sky.png",
    "needsDraw": true,
    "title": "Sky",
    "x": "9",
    "y": "13",
  },
  Object {
    "background": false,
    "drawnBefore": true,
    "id": 2,
    "img": "fabric.png",
    "needsDraw": true,
    "title": "Fabric",
    "x": "10",
    "y": "0",
  },
  Object {
    "background": true,
    "drawnBefore": true,
    "id": 1,
    "img": "sky.png",
    "needsDraw": true,
    "title": "Sky",
    "x": "10",
    "y": "1",
  },
  Object {
    "background": true,
    "drawnBefore": true,
    "id": 1,
    "img": "sky.png",
    "needsDraw": true,
    "title": "Sky",
    "x": "10",
    "y": "2",
  },
  Object {
    "background": true,
    "drawnBefore": true,
    "id": 1,
    "img": "sky.png",
    "needsDraw": true,
    "title": "Sky",
    "x": "10",
    "y": "3",
  },
  Object {
    "background": false,
    "drawnBefore": true,
    "id": 2,
    "img": "fabric.png",
    "needsDraw": true,
    "title": "Fabric",
    "x": "10",
    "y": "4",
  },
  Object {
    "background": true,
    "drawnBefore": true,
    "id": 1,
    "img": "sky.png",
    "needsDraw": true,
    "title": "Sky",
    "x": "10",
    "y": "5",
  },
  Object {
    "background": false,
    "drawnBefore": true,
    "id": 2,
    "img": "fabric.png",
    "needsDraw": true,
    "title": "Fabric",
    "x": "10",
    "y": "6",
  },
  Object {
    "background": true,
    "drawnBefore": true,
    "id": 1,
    "img": "sky.png",
    "needsDraw": true,
    "title": "Sky",
    "x": "10",
    "y": "7",
  },
  Object {
    "background": false,
    "drawnBefore": true,
    "id": 2,
    "img": "fabric.png",
    "needsDraw": true,
    "title": "Fabric",
    "x": "10",
    "y": "8",
  },
  Object {
    "background": true,
    "drawnBefore": true,
    "id": 1,
    "img": "sky.png",
    "needsDraw": true,
    "title": "Sky",
    "x": "10",
    "y": "9",
  },
  Object {
    "background": true,
    "drawnBefore": true,
    "id": 1,
    "img": "sky.png",
    "needsDraw": true,
    "title": "Sky",
    "x": "10",
    "y": "10",
  },
  Object {
    "background": true,
    "drawnBefore": true,
    "id": 1,
    "img": "sky.png",
    "needsDraw": true,
    "title": "Sky",
    "x": "10",
    "y": "11",
  },
  Object {
    "background": false,
    "drawnBefore": true,
    "id": 2,
    "img": "fabric.png",
    "needsDraw": true,
    "title": "Fabric",
    "x": "10",
    "y": "12",
  },
  Object {
    "background": true,
    "drawnBefore": true,
    "id": 1,
    "img": "sky.png",
    "needsDraw": true,
    "title": "Sky",
    "x": "10",
    "y": "13",
  },
  Object {
    "background": true,
    "drawnBefore": true,
    "id": 1,
    "img": "sky.png",
    "needsDraw": true,
    "title": "Sky",
    "x": "11",
    "y": "0",
  },
  Object {
    "background": true,
    "drawnBefore": true,
    "id": 1,
    "img": "sky.png",
    "needsDraw": true,
    "title": "Sky",
    "x": "11",
    "y": "1",
  },
  Object {
    "background": false,
    "drawnBefore": true,
    "id": 2,
    "img": "fabric.png",
    "needsDraw": true,
    "title": "Fabric",
    "x": "11",
    "y": "2",
  },
  Object {
    "background": true,
    "drawnBefore": true,
    "id": 1,
    "img": "sky.png",
    "needsDraw": true,
    "title": "Sky",
    "x": "11",
    "y": "3",
  },
  Object {
    "background": false,
    "drawnBefore": true,
    "id": 2,
    "img": "fabric.png",
    "needsDraw": true,
    "title": "Fabric",
    "x": "11",
    "y": "4",
  },
  Object {
    "background": true,
    "drawnBefore": true,
    "id": 1,
    "img": "sky.png",
    "needsDraw": true,
    "title": "Sky",
    "x": "11",
    "y": "5",
  },
  Object {
    "background": false,
    "drawnBefore": true,
    "id": 2,
    "img": "fabric.png",
    "needsDraw": true,
    "title": "Fabric",
    "x": "11",
    "y": "6",
  },
  Object {
    "background": true,
    "drawnBefore": true,
    "id": 1,
    "img": "sky.png",
    "needsDraw": true,
    "title": "Sky",
    "x": "11",
    "y": "7",
  },
  Object {
    "background": false,
    "drawnBefore": true,
    "id": 2,
    "img": "fabric.png",
    "needsDraw": true,
    "title": "Fabric",
    "x": "11",
    "y": "8",
  },
  Object {
    "background": true,
    "drawnBefore": true,
    "id": 1,
    "img": "sky.png",
    "needsDraw": true,
    "title": "Sky",
    "x": "11",
    "y": "9",
  },
  Object {
    "background": false,
    "drawnBefore": true,
    "id": 2,
    "img": "fabric.png",
    "needsDraw": true,
    "title": "Fabric",
    "x": "11",
    "y": "10",
  },
  Object {
    "background": true,
    "drawnBefore": true,
    "id": 1,
    "img": "sky.png",
    "needsDraw": true,
    "title": "Sky",
    "x": "11",
    "y": "11",
  },
  Object {
    "background": true,
    "drawnBefore": true,
    "id": 1,
    "img": "sky.png",
    "needsDraw": true,
    "title": "Sky",
    "x": "11",
    "y": "12",
  },
  Object {
    "background": true,
    "drawnBefore": true,
    "id": 1,
    "img": "sky.png",
    "needsDraw": true,
    "title": "Sky",
    "x": "11",
    "y": "13",
  },
  Object {
    "background": true,
    "drawnBefore": true,
    "id": 1,
    "img": "sky.png",
    "needsDraw": true,
    "title": "Sky",
    "x": "12",
    "y": "0",
  },
  Object {
    "background": true,
    "drawnBefore": true,
    "id": 1,
    "img": "sky.png",
    "needsDraw": true,
    "title": "Sky",
    "x": "12",
    "y": "1",
  },
  Object {
    "background": false,
    "drawnBefore": true,
    "id": 2,
    "img": "fabric.png",
    "needsDraw": true,
    "title": "Fabric",
    "x": "12",
    "y": "2",
  },
  Object {
    "background": true,
    "drawnBefore": true,
    "id": 1,
    "img": "sky.png",
    "needsDraw": true,
    "title": "Sky",
    "x": "12",
    "y": "3",
  },
  Object {
    "background": false,
    "drawnBefore": true,
    "id": 2,
    "img": "fabric.png",
    "needsDraw": true,
    "title": "Fabric",
    "x": "12",
    "y": "4",
  },
  Object {
    "background": true,
    "drawnBefore": true,
    "id": 1,
    "img": "sky.png",
    "needsDraw": true,
    "title": "Sky",
    "x": "12",
    "y": "5",
  },
  Object {
    "background": false,
    "drawnBefore": true,
    "id": 2,
    "img": "fabric.png",
    "needsDraw": true,
    "title": "Fabric",
    "x": "12",
    "y": "6",
  },
  Object {
    "background": true,
    "drawnBefore": true,
    "id": 1,
    "img": "sky.png",
    "needsDraw": true,
    "title": "Sky",
    "x": "12",
    "y": "7",
  },
  Object {
    "background": false,
    "drawnBefore": true,
    "id": 2,
    "img": "fabric.png",
    "needsDraw": true,
    "title": "Fabric",
    "x": "12",
    "y": "8",
  },
  Object {
    "background": true,
    "drawnBefore": true,
    "id": 1,
    "img": "sky.png",
    "needsDraw": true,
    "title": "Sky",
    "x": "12",
    "y": "9",
  },
  Object {
    "background": false,
    "drawnBefore": true,
    "id": 2,
    "img": "fabric.png",
    "needsDraw": true,
    "title": "Fabric",
    "x": "12",
    "y": "10",
  },
  Object {
    "background": true,
    "drawnBefore": true,
    "id": 1,
    "img": "sky.png",
    "needsDraw": true,
    "title": "Sky",
    "x": "12",
    "y": "11",
  },
  Object {
    "background": false,
    "drawnBefore": true,
    "id": 2,
    "img": "fabric.png",
    "needsDraw": true,
    "title": "Fabric",
    "x": "12",
    "y": "12",
  },
  Object {
    "background": true,
    "drawnBefore": true,
    "id": 1,
    "img": "sky.png",
    "needsDraw": true,
    "title": "Sky",
    "x": "12",
    "y": "13",
  },
  Object {
    "background": false,
    "drawnBefore": true,
    "id": 2,
    "img": "fabric.png",
    "needsDraw": true,
    "title": "Fabric",
    "x": "13",
    "y": "0",
  },
  Object {
    "background": true,
    "collectable": 1,
    "drawnBefore": true,
    "frontLayer": true,
    "id": 3,
    "img": "cacti.png",
    "needsDraw": true,
    "title": "Cacti",
    "x": "13",
    "y": "1",
  },
  Object {
    "background": false,
    "drawnBefore": true,
    "id": 2,
    "img": "fabric.png",
    "needsDraw": true,
    "title": "Fabric",
    "x": "13",
    "y": "2",
  },
  Object {
    "background": true,
    "collectable": 1,
    "drawnBefore": true,
    "frontLayer": true,
    "id": 3,
    "img": "cacti.png",
    "needsDraw": true,
    "title": "Cacti",
    "x": "13",
    "y": "3",
  },
  Object {
    "background": false,
    "drawnBefore": true,
    "id": 2,
    "img": "fabric.png",
    "needsDraw": true,
    "title": "Fabric",
    "x": "13",
    "y": "4",
  },
  Object {
    "background": true,
    "collectable": 1,
    "drawnBefore": true,
    "frontLayer": true,
    "id": 3,
    "img": "cacti.png",
    "needsDraw": true,
    "title": "Cacti",
    "x": "13",
    "y": "5",
  },
  Object {
    "background": false,
    "drawnBefore": true,
    "id": 2,
    "img": "fabric.png",
    "needsDraw": true,
    "title": "Fabric",
    "x": "13",
    "y": "6",
  },
  Object {
    "background": true,
    "collectable": 1,
    "drawnBefore": true,
    "frontLayer": true,
    "id": 3,
    "img": "cacti.png",
    "needsDraw": true,
    "title": "Cacti",
    "x": "13",
    "y": "7",
  },
  Object {
    "background": false,
    "drawnBefore": true,
    "id": 2,
    "img": "fabric.png",
    "needsDraw": true,
    "title": "Fabric",
    "x": "13",
    "y": "8",
  },
  Object {
    "background": true,
    "collectable": 1,
    "drawnBefore": true,
    "frontLayer": true,
    "id": 3,
    "img": "cacti.png",
    "needsDraw": true,
    "title": "Cacti",
    "x": "13",
    "y": "9",
  },
  Object {
    "background": false,
    "drawnBefore": true,
    "id": 2,
    "img": "fabric.png",
    "needsDraw": true,
    "title": "Fabric",
    "x": "13",
    "y": "10",
  },
  Object {
    "background": true,
    "collectable": 1,
    "drawnBefore": true,
    "frontLayer": true,
    "id": 3,
    "img": "cacti.png",
    "needsDraw": true,
    "title": "Cacti",
    "x": "13",
    "y": "11",
  },
  Object {
    "background": false,
    "drawnBefore": true,
    "id": 2,
    "img": "fabric.png",
    "needsDraw": true,
    "title": "Fabric",
    "x": "13",
    "y": "12",
  },
  Object {
    "background": true,
    "collectable": 1,
    "drawnBefore": true,
    "frontLayer": true,
    "id": 3,
    "img": "cacti.png",
    "needsDraw": true,
    "title": "Cacti",
    "x": "13",
    "y": "13",
  },
]
`;
